[2018-01-18 16:11:09] [INFO] login
[2018-01-18 18:01:29] [INFO] login
[2018-01-18 18:07:03] [INFO] login
[2018-01-18 18:07:48] [INFO] login
[2018-01-18 18:23:52] [INFO] login
[2018-01-18 18:25:21] [INFO] 系统登录成功
[2018-01-18 18:26:16] [ERROR] 系统登录失败
[2018-01-24 11:06:10] [ERROR] 系统登录失败
[2018-01-24 11:07:20] [ERROR] 系统登录失败
[2018-01-24 11:07:34] [ERROR] 系统登录失败
[2018-01-24 17:50:59] [INFO] 系统登录成功
[2018-01-24 17:51:42] [INFO] 系统登录成功
[2018-01-24 17:53:40] [INFO] 系统登录成功
[2018-01-24 17:55:59] [INFO] 系统登录成功
[2018-01-24 17:57:08] [INFO] 系统登录成功
[2018-01-24 17:57:34] [INFO] 系统登录成功
[2018-01-24 18:07:55] [INFO] 系统登录成功
[2018-01-24 18:08:55] [INFO] 系统登录成功
[2018-01-24 18:10:11] [INFO] 系统登录成功
[2018-01-24 18:36:00] [INFO] 系统登录成功
[2018-01-24 18:43:17] [INFO] 系统登录成功
[2018-01-24 18:44:20] [INFO] 系统登录成功
[2018-01-24 18:44:54] [INFO] 系统登录成功
[2018-01-24 18:46:28] [INFO] 系统登录成功
[2018-01-24 18:47:10] [INFO] 系统登录成功
[2018-01-24 18:48:10] [INFO] 系统登录成功
[2018-01-24 18:48:59] [INFO] 系统登录成功
[2018-01-24 19:02:50] [INFO] 系统登录成功
[2018-01-24 19:07:01] [INFO] 系统登录成功
[2018-01-24 19:07:39] [INFO] 系统登录成功
[2018-01-24 19:08:44] [INFO] 系统登录成功
[2018-01-24 19:11:56] [INFO] 系统登录成功
[2018-01-24 19:12:44] [INFO] 系统登录成功
[2018-01-24 19:14:34] [INFO] 系统登录成功
[2018-01-24 19:15:34] [INFO] 系统登录成功
[2018-01-24 19:16:20] [ERROR] 系统登录失败
[2018-01-24 19:17:22] [INFO] 系统登录成功
[2018-01-24 19:18:50] [INFO] 系统登录成功
[2018-01-24 19:19:01] [INFO] 系统登录成功
[2018-01-24 19:19:01] [INFO] 系统登录成功
[2018-01-24 19:19:52] [INFO] 系统登录成功
[2018-01-24 19:22:15] [INFO] 系统登录成功
[2018-01-24 19:23:21] [INFO] 系统登录成功
[2018-01-24 19:24:38] [INFO] 系统登录成功
[2018-01-24 19:26:46] [INFO] 系统登录成功
[2018-01-24 19:27:50] [INFO] 系统登录成功
[2018-01-24 19:32:13] [INFO] 系统登录成功
[2018-01-25 10:16:35] [INFO] 系统登录成功
[2018-01-25 10:18:11] [INFO] 系统登录成功
[2018-01-25 10:19:25] [INFO] 系统登录成功
[2018-01-25 10:20:05] [INFO] 系统登录成功
[2018-01-25 10:38:27] [INFO] 系统登录成功
[2018-01-25 10:39:03] [INFO] 系统登录成功
[2018-01-25 10:40:29] [INFO] 系统登录成功
[2018-01-25 10:41:01] [INFO] 系统登录成功
[2018-01-25 10:43:34] [INFO] 系统登录成功
[2018-01-25 10:44:20] [INFO] 系统登录成功
[2018-01-25 10:45:32] [INFO] 系统登录成功
[2018-01-25 10:48:25] [INFO] 系统登录成功
[2018-01-25 10:52:57] [INFO] 系统登录成功
[2018-01-25 10:55:41] [INFO] 系统登录成功
[2018-01-25 10:56:06] [INFO] 系统登录成功
[2018-01-25 10:56:34] [INFO] 系统登录成功
[2018-01-25 10:57:12] [INFO] 系统登录成功
[2018-01-25 11:00:24] [INFO] 系统登录成功
[2018-01-25 11:41:03] [INFO] 系统登录成功
[2018-01-25 11:42:44] [INFO] 系统登录成功
[2018-01-25 11:43:17] [INFO] 系统登录成功
[2018-01-25 13:49:47] [INFO] 系统登录成功
[2018-01-25 13:50:22] [INFO] 系统登录成功
[2018-01-25 13:51:11] [INFO] 系统登录成功
[2018-01-25 13:55:57] [INFO] 系统登录成功
[2018-01-26 09:52:19] [INFO] 系统登录成功
[2018-01-26 09:56:01] [INFO] 系统登录成功
[2018-01-26 10:14:48] [INFO] 系统登录成功
[2018-01-26 10:15:17] [INFO] 系统登录成功
[2018-01-26 10:41:01] [INFO] 系统登录成功
[2018-01-26 10:47:07] [INFO] 系统登录成功
[2018-01-26 10:55:40] [INFO] 系统登录成功
[2018-01-26 11:06:55] [INFO] 系统登录成功
[2018-01-26 11:07:32] [INFO] 系统登录成功
[2018-01-26 11:09:25] [INFO] 系统登录成功
[2018-01-26 11:09:25] [INFO] 系统登录成功
[2018-01-26 11:12:27] [INFO] 系统登录成功
[2018-01-26 11:13:01] [INFO] 系统登录成功
[2018-01-26 11:13:48] [INFO] 系统登录成功
[2018-01-26 11:13:53] [INFO] 查询成功
[2018-01-26 11:13:53] [INFO] 查询成功
[2018-01-26 11:14:46] [INFO] 系统登录成功
[2018-01-26 11:14:52] [INFO] 查询成功
[2018-01-26 11:14:52] [INFO] 查询成功
[2018-01-26 11:15:16] [INFO] 系统登录成功
[2018-01-26 11:16:57] [INFO] 系统登录成功
[2018-01-26 11:17:29] [INFO] 系统登录成功
[2018-01-26 11:17:35] [INFO] 查询成功
[2018-01-26 11:17:35] [INFO] 查询成功
[2018-01-26 11:19:05] [INFO] 系统登录成功
[2018-01-26 11:19:10] [INFO] 查询成功
[2018-01-26 11:19:10] [INFO] 查询成功
[2018-01-26 11:22:10] [INFO] 系统登录成功
[2018-01-26 11:22:10] [INFO] 系统登录成功
[2018-01-26 11:22:15] [INFO] 查询成功
[2018-01-26 11:22:15] [INFO] 查询成功
[2018-01-26 11:23:28] [INFO] 系统登录成功
[2018-01-26 11:23:33] [INFO] 查询成功
[2018-01-26 11:23:33] [INFO] 查询成功
[2018-01-26 11:26:13] [INFO] 系统登录成功
[2018-01-26 11:27:16] [INFO] 系统登录成功
[2018-01-26 11:29:24] [INFO] 系统登录成功
[2018-01-26 11:29:24] [INFO] 系统登录成功
[2018-01-26 11:29:29] [INFO] 查询成功
[2018-01-26 11:29:29] [INFO] 查询成功
[2018-01-26 11:33:45] [INFO] 系统登录成功
[2018-01-26 11:34:00] [INFO] 查询成功
[2018-01-26 11:34:59] [INFO] 系统登录成功
[2018-01-26 11:35:04] [INFO] 查询成功
[2018-01-26 15:31:02] [INFO] 查询成功
[2018-01-26 15:33:35] [INFO] 查询成功
[2018-01-26 15:35:26] [INFO] 系统登录成功
[2018-01-26 15:35:31] [INFO] 查询成功
[2018-01-26 15:35:31] [INFO] 查询成功
[2018-01-26 15:39:33] [INFO] 系统登录成功
[2018-01-26 15:39:38] [INFO] 查询成功
[2018-01-26 15:39:38] [INFO] 查询成功
[2018-01-26 15:40:12] [INFO] 系统登录成功
[2018-01-26 15:55:16] [INFO] 系统登录成功
[2018-01-26 15:55:21] [INFO] 查询成功
[2018-01-26 15:55:21] [INFO] 查询成功
[2018-01-26 15:58:40] [INFO] 系统登录成功
[2018-01-26 15:58:45] [INFO] 查询成功
[2018-01-26 15:58:45] [INFO] 查询成功
[2018-01-26 15:59:08] [INFO] 系统登录成功
[2018-01-26 15:59:08] [INFO] 系统登录成功
[2018-01-26 15:59:08] [INFO] 系统登录成功
[2018-01-26 15:59:08] [INFO] 系统登录成功
[2018-01-26 15:59:13] [INFO] 查询成功
[2018-01-26 15:59:13] [INFO] 查询成功
[2018-01-26 16:01:13] [INFO] 系统登录成功
[2018-01-26 16:07:36] [INFO] 系统登录成功
[2018-01-26 20:05:33] [INFO] 系统登录成功
[2018-01-26 20:06:13] [INFO] 系统登录成功
[2018-01-26 20:06:18] [INFO] 查询成功
[2018-01-26 20:06:18] [INFO] 查询成功
[2018-01-26 20:08:44] [INFO] 系统登录成功
[2018-01-26 20:17:22] [INFO] 系统登录成功
[2018-01-26 20:19:51] [INFO] 系统登录成功
[2018-01-26 20:21:40] [INFO] 系统登录成功
[2018-01-26 20:22:19] [INFO] 系统登录成功
[2018-01-26 20:23:38] [INFO] 系统登录成功
[2018-01-26 20:26:15] [INFO] 系统登录成功
[2018-01-26 20:26:49] [INFO] 系统登录成功
[2018-01-26 20:30:23] [INFO] 系统登录成功
[2018-01-26 20:30:29] [INFO] 查询成功
[2018-01-26 20:30:29] [INFO] 查询成功
[2018-01-26 20:31:18] [INFO] 系统登录成功
[2018-01-26 20:31:23] [INFO] 查询成功
[2018-01-26 20:31:23] [INFO] 查询成功
[2018-01-26 20:32:15] [INFO] 系统登录成功
[2018-01-26 20:33:01] [INFO] 系统登录成功
[2018-01-26 20:34:45] [INFO] 系统登录成功
[2018-01-26 20:34:50] [INFO] 查询成功
[2018-01-26 20:34:50] [INFO] 查询成功
[2018-01-26 20:46:29] [INFO] 系统登录成功
[2018-01-26 20:46:59] [INFO] 系统登录成功
[2018-01-26 20:47:04] [INFO] 查询成功
[2018-01-26 20:47:04] [INFO] 查询成功
[2018-01-26 20:47:22] [INFO] 系统登录成功
[2018-01-26 20:47:45] [INFO] 系统登录成功
[2018-01-26 20:47:45] [INFO] 系统登录成功
[2018-01-26 20:47:45] [INFO] 系统登录成功
[2018-01-26 20:47:45] [INFO] 系统登录成功
[2018-01-26 20:47:50] [INFO] 查询成功
[2018-01-26 20:47:50] [INFO] 查询成功
[2018-01-29 09:49:36] [INFO] 系统登录成功
[2018-01-29 09:49:36] [INFO] 系统登录成功
[2018-01-29 09:49:36] [INFO] 系统登录成功
[2018-01-29 09:49:36] [INFO] 系统登录成功
[2018-01-29 09:49:41] [INFO] 查询成功
[2018-01-29 09:49:41] [INFO] 查询成功
[2018-01-29 09:50:06] [INFO] 系统登录成功
[2018-01-29 09:50:11] [INFO] 查询成功
[2018-01-29 09:50:11] [INFO] 查询成功
[2018-01-29 09:51:57] [INFO] 系统登录成功
[2018-01-29 09:52:02] [INFO] 查询成功
[2018-01-29 09:52:02] [INFO] 查询成功
[2018-01-29 09:53:41] [INFO] 系统登录成功
[2018-01-29 09:53:46] [INFO] 查询成功
[2018-01-29 09:53:46] [INFO] 查询成功
[2018-01-29 09:54:53] [INFO] 系统登录成功
[2018-01-29 09:54:58] [INFO] 查询成功
[2018-01-29 09:54:58] [INFO] 查询成功
[2018-01-29 09:58:08] [INFO] 系统登录成功
[2018-01-29 10:06:25] [INFO] 查询成功
[2018-01-29 10:06:25] [INFO] 查询成功
[2018-01-29 10:22:36] [INFO] 系统登录成功
[2018-01-29 10:22:41] [INFO] 查询成功
[2018-01-29 10:27:34] [INFO] 系统登录成功
[2018-01-29 10:27:34] [INFO] 系统登录成功
[2018-01-29 10:27:39] [INFO] 查询成功
[2018-01-29 10:34:33] [INFO] 系统登录成功
[2018-01-29 10:34:38] [INFO] 查询成功
[2018-01-29 11:31:45] [INFO] 系统登录成功
[2018-01-29 11:31:50] [INFO] 查询成功
[2018-01-29 11:33:04] [INFO] 系统登录成功
[2018-01-29 11:33:09] [INFO] 查询成功
[2018-01-29 11:33:35] [INFO] 系统登录成功
[2018-01-29 13:59:31] [INFO] 系统登录成功
[2018-01-29 14:08:21] [INFO] 系统登录成功
[2018-01-29 14:09:07] [INFO] 系统登录成功
[2018-01-29 14:12:00] [INFO] 系统登录成功
[2018-01-29 14:15:38] [INFO] 系统登录成功
[2018-01-29 14:15:43] [INFO] 查询成功
[2018-01-29 14:30:29] [INFO] 系统登录成功
[2018-01-29 14:30:34] [INFO] 查询成功
[2018-01-29 14:31:22] [INFO] 系统登录成功
[2018-01-29 14:31:27] [INFO] 查询成功
[2018-01-29 14:41:39] [INFO] 系统登录成功
[2018-01-29 15:09:05] [INFO] 系统登录成功
[2018-01-29 15:09:10] [INFO] 查询成功
[2018-01-29 16:20:43] [INFO] 系统登录成功
[2018-01-29 16:20:48] [INFO] 查询成功
[2018-01-29 16:21:33] [INFO] 系统登录成功
[2018-01-29 16:21:38] [INFO] 查询成功
[2018-01-29 16:22:17] [INFO] 系统登录成功
[2018-01-29 16:22:22] [INFO] 查询成功
[2018-01-29 16:42:41] [INFO] 系统登录成功
[2018-01-29 16:42:45] [INFO] 查询成功
[2018-01-29 16:44:28] [INFO] 系统登录成功
[2018-01-29 16:44:33] [INFO] 查询成功
[2018-01-29 16:45:43] [INFO] 系统登录成功
[2018-01-29 16:45:46] [INFO] 查询成功
[2018-01-29 16:47:55] [INFO] 系统登录成功
[2018-01-29 16:49:31] [INFO] 系统登录成功
[2018-01-31 16:32:59] [INFO] 系统登录成功
[2018-01-31 16:41:56] [INFO] 系统登录成功
[2018-01-31 16:42:01] [INFO] 查询成功
[2018-01-31 16:42:13] [INFO] 系统登录成功
[2018-01-31 16:42:18] [INFO] 查询成功
[2018-01-31 17:05:48] [INFO] 系统登录成功
[2018-01-31 17:06:01] [INFO] 系统登录成功
[2018-01-31 17:06:06] [INFO] 查询成功
[2018-01-31 17:06:49] [INFO] 系统登录成功
[2018-01-31 17:07:02] [INFO] 系统登录成功
[2018-01-31 17:07:07] [INFO] 查询成功
[2018-01-31 17:07:53] [INFO] 系统登录成功
[2018-01-31 17:08:07] [INFO] 系统登录成功
[2018-01-31 17:08:12] [INFO] 查询成功
[2018-01-31 17:17:39] [INFO] 系统登录成功
[2018-01-31 17:18:38] [INFO] 系统登录成功
[2018-01-31 17:18:50] [INFO] 系统登录成功
[2018-01-31 17:18:55] [INFO] 查询成功
[2018-01-31 17:23:18] [INFO] 系统登录成功
[2018-01-31 17:23:31] [INFO] 系统登录成功
[2018-01-31 17:23:38] [INFO] 查询成功
[2018-01-31 17:24:38] [INFO] 系统登录成功
[2018-01-31 17:24:48] [INFO] 系统登录成功
[2018-01-31 17:26:53] [INFO] 系统登录成功
[2018-01-31 17:27:11] [INFO] 系统登录成功
[2018-01-31 17:27:18] [INFO] 查询成功
[2018-01-31 17:28:48] [INFO] 系统登录成功
[2018-01-31 17:29:05] [INFO] 系统登录成功
[2018-01-31 17:29:13] [INFO] 查询成功
[2018-01-31 17:43:26] [INFO] 系统登录成功
[2018-01-31 17:44:18] [INFO] 系统登录成功
[2018-01-31 17:44:33] [INFO] 系统登录成功
[2018-01-31 17:44:40] [INFO] 查询成功
[2018-01-31 17:45:25] [INFO] 系统登录成功
[2018-01-31 17:45:44] [INFO] 系统登录成功
[2018-01-31 17:45:51] [INFO] 查询成功
[2018-01-31 18:22:35] [INFO] 系统登录成功
[2018-01-31 18:47:31] [INFO] 系统登录成功
[2018-01-31 18:52:43] [INFO] 系统登录成功
[2018-01-31 18:53:38] [INFO] 系统登录成功
[2018-01-31 18:56:31] [INFO] 系统登录成功
[2018-01-31 19:17:02] [INFO] 系统登录成功
[2018-01-31 19:23:27] [INFO] 系统登录成功
[2018-01-31 19:45:50] [INFO] 系统登录成功
[2018-01-31 19:46:49] [INFO] 系统登录成功
[2018-01-31 19:47:52] [INFO] 系统登录成功
[2018-01-31 19:52:28] [INFO] 系统登录成功
[2018-01-31 19:55:24] [INFO] 系统登录成功
[2018-01-31 19:57:24] [INFO] 系统登录成功
[2018-01-31 20:03:07] [INFO] 系统登录成功
[2018-01-31 20:04:14] [INFO] 系统登录成功
[2018-02-01 09:15:51] [INFO] 系统登录成功
[2018-02-01 09:35:15] [INFO] 系统登录成功
[2018-02-01 11:05:43] [INFO] 系统登录成功
[2018-02-01 11:06:43] [INFO] 系统登录成功
[2018-02-01 11:15:38] [INFO] 系统登录成功
[2018-02-01 11:16:49] [INFO] 系统登录成功
[2018-02-01 11:17:08] [INFO] 系统登录成功
[2018-02-01 11:17:44] [INFO] 系统登录成功
[2018-02-01 11:42:52] [INFO] 系统登录成功
[2018-02-01 11:45:02] [INFO] 系统登录成功
[2018-02-01 13:48:28] [INFO] 系统登录成功
[2018-02-01 13:49:19] [INFO] 系统登录成功
[2018-02-01 13:50:43] [INFO] 系统登录成功
[2018-02-01 13:52:06] [INFO] 系统登录成功
[2018-02-01 13:58:26] [INFO] 系统登录成功
[2018-02-01 14:00:42] [INFO] 系统登录成功
[2018-02-01 14:04:01] [INFO] 系统登录成功
[2018-02-01 14:09:39] [INFO] 系统登录成功
[2018-02-01 14:16:15] [INFO] 系统登录成功
[2018-02-01 14:23:54] [INFO] 系统登录成功
[2018-02-01 14:38:04] [INFO] 系统登录成功
[2018-02-01 14:38:42] [INFO] 系统登录成功
[2018-02-01 14:40:14] [INFO] 系统登录成功
[2018-02-01 14:40:46] [INFO] 系统登录成功
[2018-02-01 14:49:38] [INFO] 系统登录成功
[2018-02-01 14:51:01] [INFO] 系统登录成功
[2018-02-01 15:04:54] [INFO] 系统登录成功
[2018-02-01 15:06:42] [INFO] 系统登录成功
[2018-02-01 15:07:01] [INFO] 标记异常成功
[2018-02-01 16:00:59] [INFO] 系统登录成功
[2018-02-01 16:02:21] [INFO] 系统登录成功
[2018-02-01 16:03:23] [INFO] 系统登录成功
[2018-02-01 16:04:45] [INFO] 系统登录成功
[2018-02-01 16:07:49] [INFO] 系统登录成功
[2018-02-01 16:11:38] [INFO] 系统登录成功
[2018-02-01 16:11:50] [INFO] 包裹签收成功
[2018-02-01 17:48:50] [INFO] 系统登录成功
[2018-02-01 17:48:57] [INFO] 查询成功
[2018-02-01 18:32:19] [INFO] 系统登录成功
[2018-02-01 18:35:28] [INFO] 系统登录成功
[2018-02-01 18:35:35] [INFO] 查询成功
[2018-02-01 18:51:21] [INFO] 系统登录成功
[2018-02-01 18:53:07] [INFO] 系统登录成功
[2018-02-01 18:54:04] [INFO] 系统登录成功
[2018-02-01 18:55:21] [INFO] 系统登录成功
[2018-02-01 18:56:17] [INFO] 系统登录成功
[2018-02-01 18:57:03] [INFO] 系统登录成功
[2018-02-01 18:57:11] [INFO] 查询成功
[2018-02-01 18:59:53] [INFO] 系统登录成功
[2018-02-01 19:08:20] [INFO] 系统登录成功
[2018-02-01 19:08:27] [INFO] 查询成功
[2018-02-01 19:30:13] [INFO] 系统登录成功
[2018-02-01 19:30:58] [INFO] 系统登录成功
[2018-02-01 19:33:14] [INFO] 系统登录成功
[2018-02-01 19:34:16] [INFO] 系统登录成功
[2018-02-01 19:35:44] [INFO] 系统登录成功
[2018-02-01 19:36:21] [INFO] 系统登录成功
[2018-02-01 19:37:48] [INFO] 系统登录成功
[2018-02-01 19:39:26] [INFO] 系统登录成功
[2018-02-01 19:40:39] [INFO] 系统登录成功
[2018-02-01 19:42:08] [INFO] 系统登录成功
[2018-02-01 19:42:47] [INFO] 系统登录成功
[2018-02-01 19:42:54] [INFO] 查询成功
[2018-02-01 19:43:50] [INFO] 系统登录成功
[2018-02-01 19:55:32] [INFO] 系统登录成功
[2018-02-01 19:55:39] [INFO] 查询成功
[2018-02-01 20:02:32] [INFO] 系统登录成功
[2018-02-01 20:03:28] [INFO] 系统登录成功
[2018-02-01 20:04:03] [INFO] 系统登录成功
[2018-02-01 20:04:40] [INFO] 系统登录成功
[2018-02-01 20:05:26] [INFO] 系统登录成功
[2018-02-01 20:05:33] [INFO] 查询成功
[2018-02-02 09:50:25] [INFO] 系统登录成功
[2018-02-02 09:51:58] [INFO] 系统登录成功
[2018-02-02 09:53:13] [INFO] 系统登录成功
[2018-02-02 09:54:04] [INFO] 系统登录成功
[2018-02-02 09:57:50] [INFO] 系统登录成功
[2018-02-02 09:57:57] [INFO] 查询成功
[2018-02-02 10:06:55] [INFO] 系统登录成功
[2018-02-02 10:08:34] [INFO] 系统登录成功
[2018-02-02 10:11:17] [INFO] 系统登录成功
[2018-02-02 10:13:18] [INFO] 系统登录成功
[2018-02-02 10:15:31] [INFO] 系统登录成功
[2018-02-02 10:16:01] [INFO] 系统登录成功
[2018-02-02 10:16:48] [INFO] 系统登录成功
[2018-02-02 13:46:17] [INFO] 系统登录成功
[2018-02-02 13:57:25] [INFO] 系统登录成功
[2018-02-02 13:58:22] [INFO] 系统登录成功
[2018-02-02 14:00:25] [INFO] 系统登录成功
[2018-02-02 14:05:41] [INFO] 系统登录成功
[2018-02-02 14:11:07] [INFO] 系统登录成功
[2018-02-02 14:14:52] [INFO] 系统登录成功
[2018-02-02 14:16:40] [INFO] 系统登录成功
[2018-02-02 14:22:34] [INFO] 系统登录成功
[2018-02-02 14:24:23] [INFO] 系统登录成功
[2018-02-02 16:26:14] [INFO] 系统登录成功
[2018-02-02 16:26:46] [INFO] 系统登录成功
[2018-02-02 16:33:35] [INFO] 系统登录成功
[2018-02-02 16:34:05] [INFO] 系统登录成功
[2018-02-02 16:35:59] [INFO] 系统登录成功
[2018-02-02 16:37:03] [INFO] 系统登录成功
[2018-02-02 16:37:57] [INFO] 系统登录成功
[2018-02-02 16:40:28] [INFO] 系统登录成功
[2018-02-02 16:45:40] [INFO] 系统登录成功
[2018-02-02 16:46:58] [INFO] 系统登录成功
[2018-02-02 16:47:25] [INFO] 系统登录成功
[2018-02-02 16:47:54] [INFO] 系统登录成功
[2018-02-02 16:48:01] [INFO] 查询成功
[2018-02-02 16:49:17] [INFO] 系统登录成功
[2018-02-02 16:50:15] [INFO] 系统登录成功
[2018-02-02 16:51:05] [INFO] 系统登录成功
[2018-02-02 16:53:04] [INFO] 系统登录成功
[2018-02-02 16:53:32] [INFO] 系统登录成功
[2018-02-02 16:55:01] [INFO] 系统登录成功
[2018-02-02 16:55:26] [INFO] 系统登录成功
[2018-02-02 16:56:31] [INFO] 系统登录成功
[2018-02-02 16:59:07] [INFO] 系统登录成功
[2018-02-02 16:59:58] [INFO] 系统登录成功
[2018-02-02 17:00:06] [INFO] 查询成功
[2018-02-02 17:30:56] [INFO] 系统登录成功
[2018-02-02 17:36:50] [INFO] 系统登录成功
[2018-02-02 17:37:53] [INFO] 系统登录成功
[2018-02-02 17:38:00] [INFO] 查询成功
[2018-02-02 20:44:51] [INFO] 系统登录成功
[2018-02-02 20:45:36] [INFO] 系统登录成功
[2018-02-02 20:46:34] [INFO] 系统登录成功
[2018-02-02 20:47:27] [INFO] 系统登录成功
[2018-02-02 20:49:57] [INFO] 系统登录成功
[2018-02-02 20:50:07] [INFO] 查询成功
[2018-02-02 21:20:34] [INFO] 系统登录成功
[2018-02-02 21:20:34] [INFO] 展开派件业务
[2018-02-02 21:22:18] [INFO] 系统登录成功
[2018-02-02 21:22:18] [INFO] 展开派件业务
[2018-02-02 21:22:20] [INFO] 打开所有包裹
[2018-02-02 21:22:21] [INFO] 异常件处理
[2018-02-02 21:22:22] [INFO] 展开客服管理
[2018-02-02 21:22:24] [INFO] 打开客服查件
[2018-02-02 21:22:25] [INFO] 异常件待处理
[2018-02-02 21:22:27] [INFO] 异常件已处理
[2018-02-02 21:27:52] [INFO] 系统登录成功
[2018-02-02 21:27:53] [INFO] 展开派件业务
[2018-02-02 21:27:55] [INFO] 所有包裹
[2018-02-02 21:27:56] [INFO] 异常件处理
[2018-02-02 21:27:58] [INFO] 展开客服管理
[2018-02-02 21:27:59] [INFO] 客服查件
[2018-02-02 21:28:01] [INFO] 异常件待处理
[2018-02-02 21:28:02] [INFO] 异常件已处理
[2018-02-06 20:11:45] [INFO] 系统登录成功
[2018-02-06 20:11:56] [INFO] 查询成功
[2018-02-06 20:31:09] [INFO] 系统登录成功
[2018-02-06 20:31:19] [INFO] 查询成功
[2018-02-06 20:43:32] [INFO] 系统登录成功
[2018-02-06 20:48:39] [INFO] 系统登录成功
[2018-02-06 20:49:32] [INFO] 系统登录成功
[2018-02-06 20:52:02] [INFO] 系统登录成功
[2018-02-06 20:53:51] [INFO] 系统登录成功
[2018-02-06 20:54:38] [INFO] 系统登录成功
[2018-02-06 20:54:52] [INFO] 打开包裹详情页
[2018-02-06 21:08:15] [INFO] 系统登录成功
[2018-02-06 21:08:29] [INFO] 打开包裹详情页
[2018-02-06 21:09:27] [INFO] 系统登录成功
[2018-02-06 21:12:59] [INFO] 系统登录成功
[2018-02-06 21:13:13] [INFO] 打开包裹详情页
[2018-02-06 21:42:08] [INFO] 系统登录成功
[2018-02-06 21:42:22] [INFO] 打开包裹详情页
[2018-02-06 21:43:28] [INFO] 系统登录成功
[2018-02-06 21:43:42] [INFO] 打开包裹详情页
[2018-02-06 21:47:53] [INFO] 系统登录成功
[2018-02-06 21:48:08] [INFO] 打开包裹详情页
[2018-02-06 21:49:41] [INFO] 系统登录成功
[2018-02-06 21:49:55] [INFO] 打开包裹详情页
[2018-02-07 11:42:17] [INFO] 系统登录成功
[2018-02-07 11:42:31] [INFO] 打开包裹详情页
[2018-02-07 11:44:05] [INFO] 系统登录成功
[2018-02-07 11:44:19] [INFO] 打开包裹详情页
[2018-02-07 11:44:27] [INFO] 包裹备注成功
[2018-02-07 11:44:28] [INFO] 关闭包裹详情页
[2018-02-07 11:57:04] [INFO] 系统登录成功
[2018-02-07 11:57:18] [INFO] 打开包裹详情页
[2018-02-07 12:02:17] [INFO] 系统登录成功
[2018-02-07 12:02:31] [INFO] 打开包裹详情页
[2018-02-07 12:06:27] [INFO] 系统登录成功
[2018-02-07 12:06:41] [INFO] 打开包裹详情页
[2018-02-07 12:06:48] [INFO] 包裹备注成功
[2018-02-07 12:06:49] [INFO] 关闭包裹详情页
[2018-02-07 17:46:04] [INFO] 系统登录成功
[2018-02-07 17:46:18] [INFO] 打开包裹详情页
[2018-02-07 17:46:25] [INFO] 包裹备注成功
[2018-02-07 17:46:31] [INFO] 关闭包裹详情页
[2018-02-07 17:51:20] [INFO] 系统登录成功
[2018-02-07 17:53:02] [INFO] 系统登录成功
[2018-02-07 17:53:16] [INFO] 打开包裹详情页
[2018-02-07 17:53:23] [INFO] 包裹备注成功
[2018-02-07 17:53:24] [INFO] 关闭包裹详情页
[2018-02-07 18:01:27] [INFO] 系统登录成功
[2018-02-07 18:01:49] [INFO] 系统登录成功
[2018-02-07 18:02:03] [INFO] 打开包裹详情页
[2018-02-07 18:03:44] [INFO] 系统登录成功
[2018-02-07 18:04:45] [INFO] 系统登录成功
[2018-02-07 18:04:59] [INFO] 打开包裹详情页
[2018-02-07 18:06:52] [INFO] 系统登录成功
[2018-02-07 18:07:05] [INFO] 打开包裹详情页
[2018-02-07 18:07:06] [INFO] 关闭包裹详情页
[2018-02-07 18:07:42] [INFO] 系统登录成功
[2018-02-07 18:07:56] [INFO] 打开包裹详情页
[2018-02-07 18:07:57] [INFO] 关闭包裹详情页
[2018-02-07 18:10:30] [INFO] 系统登录成功
[2018-02-07 18:11:03] [INFO] 系统登录成功
[2018-02-07 18:11:18] [INFO] 包裹签收成功
[2018-02-07 18:11:32] [INFO] 系统登录成功
[2018-02-07 18:11:42] [INFO] 查询成功
[2018-02-07 18:11:55] [INFO] 系统登录成功
[2018-02-07 18:12:09] [INFO] 打开包裹详情页
[2018-02-07 18:12:16] [INFO] 包裹备注成功
[2018-02-07 18:12:17] [INFO] 没有短信重发按钮
[2018-02-07 18:12:18] [INFO] 关闭包裹详情页
[2018-02-07 18:14:23] [INFO] 系统登录成功
[2018-02-07 18:14:44] [INFO] 标记异常成功
[2018-02-07 18:17:50] [INFO] 系统登录成功
[2018-02-07 18:18:12] [INFO] 标记异常成功
[2018-02-07 18:33:53] [INFO] 系统登录成功
[2018-02-07 18:34:07] [INFO] 打开包裹详情页
[2018-02-07 18:34:14] [INFO] 包裹备注成功
[2018-02-07 18:34:15] [INFO] 关闭包裹详情页
[2018-02-07 18:36:44] [INFO] 系统登录成功
[2018-02-07 18:36:58] [INFO] 打开包裹详情页
[2018-02-07 18:37:05] [INFO] 包裹备注成功
[2018-02-07 18:37:07] [INFO] 关闭包裹详情页
[2018-02-07 18:48:12] [INFO] 系统登录成功
[2018-02-07 18:48:26] [INFO] 打开包裹详情页
[2018-02-07 18:48:34] [INFO] 包裹备注成功
[2018-02-07 18:48:35] [INFO] 没有短信重发按钮
[2018-02-07 18:49:35] [INFO] 系统登录成功
[2018-02-07 18:49:49] [INFO] 打开包裹详情页
[2018-02-07 18:49:56] [INFO] 包裹备注成功
[2018-02-07 18:49:57] [INFO] 没有短信重发按钮
[2018-02-07 18:49:58] [INFO] 关闭包裹详情页
[2018-02-07 18:54:11] [INFO] 系统登录成功
[2018-02-07 18:54:25] [INFO] 打开包裹详情页
[2018-02-07 18:54:32] [INFO] 包裹备注成功
[2018-02-07 18:54:38] [INFO] 关闭包裹详情页
[2018-02-07 18:57:58] [INFO] 系统登录成功
[2018-02-07 18:58:12] [INFO] 打开包裹详情页
[2018-02-07 18:58:19] [INFO] 包裹备注成功
[2018-02-07 18:58:26] [INFO] 关闭包裹详情页
[2018-02-07 18:59:47] [INFO] 系统登录成功
[2018-02-07 19:00:01] [INFO] 打开包裹详情页
[2018-02-07 19:00:08] [INFO] 包裹备注成功
[2018-02-07 19:00:14] [INFO] 关闭包裹详情页
[2018-02-07 19:02:00] [INFO] 系统登录成功
[2018-02-07 19:02:14] [INFO] 打开包裹详情页
[2018-02-07 19:02:20] [INFO] 关闭包裹详情页
[2018-02-08 09:59:27] [INFO] 系统登录成功
[2018-02-08 09:59:41] [INFO] 打开包裹详情页
[2018-02-08 09:59:42] [INFO] 没有短信重发按钮
[2018-02-08 09:59:43] [INFO] 关闭包裹详情页
[2018-02-08 10:01:00] [INFO] 系统登录成功
[2018-02-08 10:01:14] [INFO] 打开包裹详情页
[2018-02-08 10:01:15] [INFO] 没有短信重发按钮
[2018-02-08 10:01:16] [INFO] 关闭包裹详情页
[2018-02-08 10:01:54] [INFO] 系统登录成功
[2018-02-08 10:02:08] [INFO] 打开包裹详情页
[2018-02-08 10:02:09] [INFO] 没有短信重发按钮
[2018-02-08 10:04:32] [INFO] 系统登录成功
[2018-02-08 10:04:46] [INFO] 打开包裹详情页
[2018-02-08 10:04:47] [INFO] 没有短信重发按钮
[2018-02-08 10:04:48] [INFO] 关闭包裹详情页
[2018-02-08 10:06:28] [INFO] 系统登录成功
[2018-02-08 10:06:42] [INFO] 打开包裹详情页
[2018-02-08 10:06:43] [INFO] 没有短信重发按钮
[2018-02-08 10:06:44] [INFO] 关闭包裹详情页
[2018-02-08 10:24:32] [INFO] 系统登录成功
[2018-02-08 10:24:46] [INFO] 打开包裹详情页
[2018-02-08 10:24:47] [INFO] 没有短信重发按钮
[2018-02-08 10:24:48] [INFO] 关闭包裹详情页
[2018-02-08 10:40:27] [INFO] 系统登录成功
[2018-02-08 10:40:41] [INFO] 打开包裹详情页
[2018-02-08 10:40:47] [INFO] 短信重发成功
[2018-02-08 10:40:48] [INFO] 关闭包裹详情页
[2018-02-08 10:45:33] [INFO] 系统登录成功
[2018-02-08 10:45:55] [INFO] 标记异常失败
[2018-02-08 10:46:10] [INFO] 系统登录成功
[2018-02-08 10:46:26] [INFO] 包裹签收成功
[2018-02-08 10:46:40] [INFO] 系统登录成功
[2018-02-08 10:46:50] [INFO] 查询成功
[2018-02-08 10:47:07] [INFO] 系统登录成功
[2018-02-08 10:48:32] [INFO] 系统登录成功
[2018-02-08 10:48:53] [INFO] 标记异常成功
[2018-02-08 10:49:05] [INFO] 系统登录成功
[2018-02-08 10:49:21] [INFO] 包裹签收成功
[2018-02-08 10:49:34] [INFO] 系统登录成功
[2018-02-08 10:49:44] [INFO] 查询成功
[2018-02-08 10:50:00] [INFO] 系统登录成功
[2018-02-08 10:50:14] [INFO] 打开包裹详情页
[2018-02-08 10:50:22] [INFO] 包裹备注成功
[2018-02-08 10:50:28] [INFO] 短信重发成功
[2018-02-08 10:50:29] [INFO] 关闭包裹详情页
[2018-02-08 10:58:56] [INFO] 系统登录成功
[2018-02-08 10:59:17] [INFO] 标记异常成功
[2018-02-08 10:59:29] [INFO] 系统登录成功
[2018-02-08 10:59:39] [INFO] 查询成功
[2018-02-08 11:03:38] [INFO] 系统登录成功
[2018-02-08 11:03:59] [INFO] 标记异常成功
[2018-02-08 11:04:11] [INFO] 系统登录成功
[2018-02-08 11:04:21] [INFO] 查询成功
[2018-02-08 11:12:34] [INFO] 系统登录成功
[2018-02-08 11:12:55] [INFO] 标记异常成功
[2018-02-08 11:13:10] [INFO] 系统登录成功
[2018-02-08 11:13:20] [INFO] 查询成功
[2018-02-08 11:15:27] [INFO] 系统登录成功
[2018-02-08 11:15:37] [INFO] 查询成功
[2018-02-08 11:19:33] [INFO] 系统登录成功
[2018-02-08 11:19:43] [INFO] 查询成功
[2018-02-08 11:24:35] [INFO] 系统登录成功
[2018-02-08 11:24:45] [INFO] 查询成功
[2018-02-08 11:26:08] [INFO] 系统登录成功
[2018-02-08 11:26:19] [INFO] 查询成功
[2018-02-08 11:26:31] [INFO] 系统登录成功
[2018-02-08 11:26:41] [INFO] 查询成功
[2018-02-08 11:26:55] [INFO] 系统登录成功
[2018-02-08 11:27:05] [INFO] 查询成功
[2018-02-08 11:27:19] [INFO] 系统登录成功
[2018-02-08 11:27:29] [INFO] 查询成功
[2018-02-08 13:56:21] [INFO] 系统登录成功
[2018-02-08 13:56:42] [INFO] 标记异常成功
[2018-02-08 13:56:56] [INFO] 系统登录成功
[2018-02-08 13:57:06] [INFO] 查询成功
[2018-02-08 13:57:20] [INFO] 系统登录成功
[2018-02-08 13:57:30] [INFO] 查询成功
[2018-02-08 14:01:23] [INFO] 系统登录成功
[2018-02-08 14:01:44] [INFO] 标记异常成功
[2018-02-08 14:01:57] [INFO] 系统登录成功
[2018-02-08 14:02:07] [INFO] 查询成功
[2018-02-08 14:02:20] [INFO] 系统登录成功
[2018-02-08 14:02:30] [INFO] 查询成功
[2018-02-08 14:02:44] [INFO] 系统登录成功
[2018-02-08 14:02:54] [INFO] 查询成功
[2018-02-08 14:30:33] [INFO] 系统登录成功
[2018-02-08 14:30:55] [INFO] 标记异常成功
[2018-02-08 14:31:07] [INFO] 系统登录成功
[2018-02-08 14:31:16] [INFO] 查询成功
[2018-02-08 14:31:29] [INFO] 系统登录成功
[2018-02-08 14:31:39] [INFO] 查询成功
[2018-02-08 14:31:51] [INFO] 系统登录成功
[2018-02-08 14:40:20] [INFO] 系统登录成功
[2018-02-08 14:40:41] [INFO] 标记异常成功
[2018-02-08 14:40:53] [INFO] 系统登录成功
[2018-02-08 14:41:03] [INFO] 查询成功
[2018-02-08 14:52:34] [INFO] 系统登录成功
[2018-02-08 14:52:56] [INFO] 标记异常成功
[2018-02-08 14:53:09] [INFO] 系统登录成功
[2018-02-08 14:53:19] [INFO] 查询成功
[2018-02-08 14:56:36] [INFO] 系统登录成功
[2018-02-08 14:56:57] [INFO] 标记异常成功
[2018-02-08 14:57:10] [INFO] 系统登录成功
[2018-02-08 14:57:20] [INFO] 查询成功
[2018-02-08 15:55:04] [INFO] 系统登录成功
[2018-02-08 15:55:25] [INFO] 标记异常成功
[2018-02-08 15:55:37] [INFO] 系统登录成功
[2018-02-08 15:55:47] [INFO] 查询成功
[2018-02-08 16:00:03] [INFO] 系统登录成功
[2018-02-08 16:00:24] [INFO] 标记异常成功
[2018-02-08 16:00:36] [INFO] 系统登录成功
[2018-02-08 16:00:46] [INFO] 查询成功
[2018-02-08 16:33:18] [INFO] 系统登录成功
[2018-02-08 16:33:39] [INFO] 标记异常成功
[2018-02-08 16:33:52] [INFO] 系统登录成功
[2018-02-08 16:34:02] [INFO] 查询成功
[2018-02-08 16:59:38] [INFO] 系统登录成功
[2018-02-08 17:00:00] [INFO] 标记异常成功
[2018-02-08 17:00:13] [INFO] 系统登录成功
[2018-02-08 17:00:23] [INFO] 查询成功
[2018-02-08 17:13:02] [INFO] 系统登录成功
[2018-02-08 17:13:23] [INFO] 标记异常失败
[2018-02-08 17:13:36] [INFO] 系统登录成功
[2018-02-08 17:13:46] [INFO] 查询成功
[2018-02-08 17:20:34] [INFO] 系统登录成功
[2018-02-08 17:20:56] [INFO] 标记异常成功
[2018-02-08 17:21:09] [INFO] 系统登录成功
[2018-02-08 17:21:25] [INFO] 包裹签收成功
[2018-02-08 17:21:40] [INFO] 系统登录成功
[2018-02-08 17:21:50] [INFO] 查询成功
[2018-02-08 17:22:03] [INFO] 系统登录成功
[2018-02-08 17:22:17] [INFO] 打开包裹详情页
[2018-02-08 17:22:25] [INFO] 包裹备注成功
[2018-02-08 17:22:31] [INFO] 短信重发成功
[2018-02-08 17:22:32] [INFO] 关闭包裹详情页
[2018-02-08 17:22:54] [INFO] 系统登录成功
[2018-02-08 17:22:56] [INFO] 展开派件业务
[2018-02-08 17:22:57] [INFO] 所有包裹
[2018-02-08 17:22:59] [INFO] 异常件处理
[2018-02-08 17:23:00] [INFO] 展开客服管理
[2018-02-08 17:23:01] [INFO] 客服查件
[2018-02-08 17:23:03] [INFO] 异常件待处理
[2018-02-08 17:23:04] [INFO] 异常件已处理
[2018-02-08 17:32:03] [INFO] login
[2018-02-08 17:33:53] [INFO] 系统登录成功
[2018-02-08 17:34:14] [INFO] 标记异常成功
[2018-02-08 17:34:29] [INFO] 系统登录成功
[2018-02-08 17:34:45] [INFO] 包裹签收成功
[2018-02-08 17:34:58] [INFO] 系统登录成功
[2018-02-08 17:35:08] [INFO] 查询成功
[2018-02-08 17:35:21] [INFO] 系统登录成功
[2018-02-08 17:35:35] [INFO] 打开包裹详情页
[2018-02-08 17:35:42] [INFO] 包裹备注成功
[2018-02-08 17:35:48] [INFO] 短信重发成功
[2018-02-08 17:35:49] [INFO] 关闭包裹详情页
[2018-02-08 17:36:05] [INFO] 系统登录成功
[2018-02-08 17:36:06] [INFO] 展开派件业务
[2018-02-08 17:36:07] [INFO] 所有包裹
[2018-02-08 17:36:09] [INFO] 异常件处理
[2018-02-08 17:36:10] [INFO] 展开客服管理
[2018-02-08 17:36:11] [INFO] 客服查件
[2018-02-08 17:36:13] [INFO] 异常件待处理
[2018-02-08 17:36:14] [INFO] 异常件已处理
[2018-02-08 17:36:29] [INFO] login
[2018-02-08 17:55:23] [INFO] 系统登录成功
[2018-02-08 17:55:39] [INFO] login
[2018-02-08 17:57:09] [INFO] 系统登录成功
[2018-02-08 17:57:30] [INFO] 标记异常成功
[2018-02-08 17:57:47] [INFO] login
[2018-02-08 18:15:42] [INFO] 系统登录成功
[2018-02-08 18:16:03] [INFO] 标记异常成功
[2018-02-08 18:16:16] [INFO] 系统登录成功
[2018-02-08 18:16:31] [INFO] 包裹签收成功
[2018-02-08 18:16:45] [INFO] 系统登录成功
[2018-02-08 18:16:55] [INFO] 查询成功
[2018-02-08 18:17:08] [INFO] 系统登录成功
[2018-02-08 18:17:22] [INFO] 打开包裹详情页
[2018-02-08 18:17:29] [INFO] 包裹备注成功
[2018-02-08 18:17:35] [INFO] 短信重发成功
[2018-02-08 18:17:36] [INFO] 关闭包裹详情页
[2018-02-08 18:17:53] [INFO] 系统登录成功
[2018-02-08 18:17:54] [INFO] 展开派件业务
[2018-02-08 18:17:55] [INFO] 所有包裹
[2018-02-08 18:17:57] [INFO] 异常件处理
[2018-02-08 18:17:58] [INFO] 展开客服管理
[2018-02-08 18:18:00] [INFO] 客服查件
[2018-02-08 18:18:01] [INFO] 异常件待处理
[2018-02-08 18:18:02] [INFO] 异常件已处理
[2018-02-08 18:18:17] [INFO] login
[2018-02-08 18:20:36] [INFO] 系统登录成功
[2018-02-08 18:20:57] [INFO] 标记异常失败
[2018-02-08 18:21:10] [INFO] 系统登录成功
[2018-02-08 18:21:26] [INFO] 包裹签收成功
[2018-02-08 18:21:38] [INFO] 系统登录成功
[2018-02-08 18:21:48] [INFO] 查询成功
[2018-02-08 18:22:01] [INFO] 系统登录成功
[2018-02-08 18:22:15] [INFO] 打开包裹详情页
[2018-02-08 18:22:22] [INFO] 包裹备注成功
[2018-02-08 18:22:28] [INFO] 短信重发成功
[2018-02-08 18:22:29] [INFO] 关闭包裹详情页
[2018-02-08 18:22:45] [INFO] 系统登录成功
[2018-02-08 18:22:46] [INFO] 展开派件业务
[2018-02-08 18:22:48] [INFO] 所有包裹
[2018-02-08 18:22:49] [INFO] 异常件处理
[2018-02-08 18:22:50] [INFO] 展开客服管理
[2018-02-08 18:22:52] [INFO] 客服查件
[2018-02-08 18:22:53] [INFO] 异常件待处理
[2018-02-08 18:22:54] [INFO] 异常件已处理
[2018-02-08 18:23:10] [INFO] login
[2018-02-09 11:23:59] [INFO] 系统登录成功
[2018-02-09 11:24:22] [INFO] 标记异常成功
[2018-02-09 11:24:40] [INFO] 包裹签收成功
[2018-02-09 11:24:53] [INFO] 查询成功
[2018-02-09 11:25:09] [INFO] 打开包裹详情页
[2018-02-09 11:25:16] [INFO] 包裹备注成功
[2018-02-09 11:25:17] [INFO] 没有短信重发按钮
[2018-02-09 11:25:18] [INFO] 关闭包裹详情页
[2018-02-09 11:25:35] [INFO] 系统登录成功
[2018-02-09 11:25:36] [INFO] 展开派件业务
[2018-02-09 11:25:37] [INFO] 所有包裹
[2018-02-09 11:25:39] [INFO] 异常件处理
[2018-02-09 11:25:40] [INFO] 展开客服管理
[2018-02-09 11:25:41] [INFO] 客服查件
[2018-02-09 11:25:43] [INFO] 异常件待处理
[2018-02-09 11:25:44] [INFO] 异常件已处理
[2018-02-09 11:26:02] [INFO] login
[2018-02-09 11:32:50] [INFO] login
[2018-02-09 13:57:24] [INFO] login
[2018-02-09 13:58:44] [INFO] login
[2018-02-09 13:59:45] [INFO] login
[2018-02-09 14:29:17] [INFO] login
[2018-02-09 14:29:19] [INFO] login
[2018-02-09 14:31:58] [INFO] 系统登录成功
[2018-02-09 14:32:11] [INFO] 系统登录成功
[2018-02-09 14:32:37] [INFO] 标记异常成功
[2018-02-09 14:32:55] [INFO] 包裹签收成功
[2018-02-09 14:33:08] [INFO] 查询成功
[2018-02-09 14:33:24] [INFO] 打开包裹详情页
[2018-02-09 14:33:32] [INFO] 包裹备注成功
[2018-02-09 14:33:38] [INFO] 短信重发成功
[2018-02-09 14:33:39] [INFO] 关闭包裹详情页
[2018-02-09 14:33:56] [INFO] 展开派件业务
[2018-02-09 14:33:58] [INFO] 所有包裹
[2018-02-09 14:33:59] [INFO] 异常件处理
[2018-02-09 14:34:00] [INFO] 展开客服管理
[2018-02-09 14:34:02] [INFO] 客服查件
[2018-02-09 14:34:03] [INFO] 异常件待处理
[2018-02-09 14:34:05] [INFO] 异常件已处理
[2018-02-09 14:34:26] [INFO] login
[2018-02-09 14:34:27] [INFO] login
[2018-02-28 17:51:35] [INFO] 系统登录成功
[2018-02-28 17:51:48] [INFO] 系统登录成功
[2018-02-28 17:52:16] [INFO] 标记异常成功
[2018-02-28 17:52:34] [INFO] 包裹签收成功
[2018-02-28 17:52:47] [INFO] 查询成功
[2018-02-28 17:53:03] [INFO] 打开包裹详情页
[2018-02-28 17:53:10] [INFO] 包裹备注成功
[2018-02-28 17:53:11] [INFO] 没有短信重发按钮
[2018-02-28 17:53:12] [INFO] 关闭包裹详情页
[2018-02-28 17:53:29] [INFO] 展开派件业务
[2018-02-28 17:53:30] [INFO] 所有包裹
[2018-02-28 17:53:32] [INFO] 异常件处理
[2018-02-28 17:53:33] [INFO] 展开客服管理
[2018-02-28 17:53:34] [INFO] 客服查件
[2018-02-28 17:53:36] [INFO] 异常件待处理
[2018-02-28 17:53:37] [INFO] 异常件已处理
[2018-02-28 17:53:50] [INFO] login
[2018-03-01 10:24:18] [INFO] login
[2018-03-01 10:35:59] [INFO] login
[2018-03-01 10:40:40] [INFO] login
[2018-03-01 10:41:37] [INFO] login
[2018-03-01 10:42:54] [INFO] login
[2018-03-01 10:48:59] [INFO] login
[2018-03-01 10:50:29] [INFO] login
[2018-03-01 10:54:00] [INFO] login
[2018-03-01 11:15:23] [INFO] login
[2018-03-01 11:28:13] [INFO] login
[2018-03-01 11:32:17] [INFO] login
[2018-03-01 11:33:11] [INFO] login
[2018-03-01 16:50:21] [INFO] login
[2018-03-01 16:56:01] [INFO] login
[2018-03-01 17:06:08] [INFO] login
[2018-03-01 17:08:22] [INFO] login
[2018-03-01 17:09:05] [INFO] 系统登录成功
[2018-03-01 17:09:17] [INFO] 系统登录成功
[2018-03-01 17:09:43] [INFO] 标记异常成功
[2018-03-01 17:10:01] [INFO] 包裹签收成功
[2018-03-01 17:10:14] [INFO] 查询成功
[2018-03-01 17:10:30] [INFO] 打开包裹详情页
[2018-03-01 17:10:38] [INFO] 包裹备注成功
[2018-03-01 17:10:39] [INFO] 没有短信重发按钮
[2018-03-01 17:10:40] [INFO] 关闭包裹详情页
[2018-03-01 17:10:56] [INFO] 展开派件业务
[2018-03-01 17:10:58] [INFO] 所有包裹
[2018-03-01 17:10:59] [INFO] 异常件处理
[2018-03-01 17:11:00] [INFO] 展开客服管理
[2018-03-01 17:11:02] [INFO] 客服查件
[2018-03-01 17:11:03] [INFO] 异常件待处理
[2018-03-01 17:11:05] [INFO] 异常件已处理
[2018-03-01 17:11:18] [INFO] login
[2018-03-01 18:33:11] [INFO] login
[2018-03-01 18:38:37] [INFO] login
[2018-03-01 18:40:01] [INFO] login
[2018-03-01 18:42:30] [INFO] login
[2018-03-01 18:43:59] [INFO] login
[2018-03-05 11:44:04] [INFO] 系统登录成功
[2018-03-05 11:44:15] [INFO] 系统登录成功
[2018-03-05 11:44:45] [INFO] 标记异常失败
[2018-03-05 11:45:04] [INFO] 包裹签收成功
[2018-03-05 11:45:16] [INFO] 查询成功
[2018-03-05 11:45:33] [INFO] 打开包裹详情页
[2018-03-05 11:45:40] [INFO] 包裹备注成功
[2018-03-05 11:45:46] [INFO] 短信重发成功
[2018-03-05 11:45:47] [INFO] 关闭包裹详情页
[2018-03-05 11:46:04] [INFO] 展开派件业务
[2018-03-05 11:46:05] [INFO] 所有包裹
[2018-03-05 11:46:07] [INFO] 异常件处理
[2018-03-05 11:46:08] [INFO] 展开客服管理
[2018-03-05 11:46:10] [INFO] 客服查件
[2018-03-05 11:46:11] [INFO] 异常件待处理
[2018-03-05 11:46:13] [INFO] 异常件已处理
[2018-03-05 11:46:29] [INFO] login
[2018-03-06 17:42:35] [INFO] 系统登录成功
[2018-03-06 17:42:49] [INFO] 系统登录成功
[2018-03-06 17:43:16] [INFO] 标记异常成功
[2018-03-06 17:43:34] [INFO] 包裹签收成功
[2018-03-06 17:43:46] [INFO] 查询成功
[2018-03-06 17:44:02] [INFO] 打开包裹详情页
[2018-03-06 17:44:10] [INFO] 包裹备注成功
[2018-03-06 17:44:11] [INFO] 没有短信重发按钮
[2018-03-06 17:44:12] [INFO] 关闭包裹详情页
[2018-03-06 17:44:29] [INFO] 展开派件业务
[2018-03-06 17:44:31] [INFO] 所有包裹
[2018-03-06 17:44:32] [INFO] 异常件处理
[2018-03-06 17:44:33] [INFO] 展开客服管理
[2018-03-06 17:44:35] [INFO] 客服查件
[2018-03-06 17:44:36] [INFO] 异常件待处理
[2018-03-06 17:44:38] [INFO] 异常件已处理
[2018-03-06 17:44:51] [INFO] login
[2018-03-16 15:26:03] [INFO] 系统登录成功
[2018-03-16 15:26:15] [INFO] 系统登录成功
[2018-03-16 15:26:50] [INFO] 包裹签收成功
[2018-03-16 15:27:03] [INFO] 查询成功
[2018-03-16 15:27:20] [INFO] 打开包裹详情页
[2018-03-16 15:27:27] [INFO] 包裹备注成功
[2018-03-16 15:27:28] [INFO] 没有短信重发按钮
[2018-03-16 15:27:29] [INFO] 关闭包裹详情页
[2018-03-16 15:27:47] [INFO] 展开派件业务
[2018-03-16 15:27:49] [INFO] 所有包裹
[2018-03-16 15:27:51] [INFO] 异常件处理
[2018-03-16 15:27:52] [INFO] 展开客服管理
[2018-03-16 15:27:55] [INFO] 客服查件
[2018-03-16 15:27:56] [INFO] 异常件待处理
[2018-03-16 15:27:58] [INFO] 异常件已处理
[2018-03-16 15:28:13] [INFO] login
[2018-03-16 15:43:18] [INFO] 系统登录成功
[2018-03-16 15:43:31] [INFO] 系统登录成功
[2018-03-16 15:43:57] [INFO] 标记异常成功
[2018-03-16 15:44:15] [INFO] 包裹签收成功
[2018-03-16 15:44:28] [INFO] 查询成功
[2018-03-16 15:44:44] [INFO] 打开包裹详情页
[2018-03-16 15:44:52] [INFO] 包裹备注成功
[2018-03-16 15:44:53] [INFO] 没有短信重发按钮
[2018-03-16 15:44:54] [INFO] 关闭包裹详情页
[2018-03-16 15:45:11] [INFO] 展开派件业务
[2018-03-16 15:45:12] [INFO] 所有包裹
[2018-03-16 15:45:14] [INFO] 异常件处理
[2018-03-16 15:45:15] [INFO] 展开客服管理
[2018-03-16 15:45:16] [INFO] 客服查件
[2018-03-16 15:45:18] [INFO] 异常件待处理
[2018-03-16 15:45:19] [INFO] 异常件已处理
[2018-03-16 15:45:34] [INFO] login
